NumberHits:1
Timestamp: Fri Sep 20 01:09:47 UTC 2024
