NumberHits:166
Timestamp: Sun Oct 06 06:56:56 UTC 2024
