NumberHits:1
Timestamp: Sun Oct 06 04:06:48 UTC 2024
