NumberHits:1
Timestamp: Sat Oct 05 12:11:09 UTC 2024
