<?xml version="1.0" encoding="UTF-8"?>
<section name="Workbench">
	<item key="scw_hwspec" value="E:\project\golden\example6\vitis_ide_v2"/>
	<item key="fpga_elf_mem_selection" value="E:\project\golden\example6\vitis_ide_v2\golden_iprog\Debug"/>
</section>
