<?xml version="1.0"?>
<Runs Version="1" Minor="0">
	<Run Id="system_axi_uartlite_0_0_synth_1" LaunchDir="E:/project/golden/example6/project_1.runs/system_axi_uartlite_0_0_synth_1" FlowId="Vivado_Synthesis" FromStepId="vivado" ToStepId="vivado"/>
	<Run Id="system_lmb_bram_1_synth_1" LaunchDir="E:/project/golden/example6/project_1.runs/system_lmb_bram_1_synth_1" FlowId="Vivado_Synthesis" FromStepId="vivado" ToStepId="vivado"/>
	<Run Id="system_mdm_1_1_synth_1" LaunchDir="E:/project/golden/example6/project_1.runs/system_mdm_1_1_synth_1" FlowId="Vivado_Synthesis" FromStepId="vivado" ToStepId="vivado"/>
	<Run Id="system_rst_Clk_100M_0_synth_1" LaunchDir="E:/project/golden/example6/project_1.runs/system_rst_Clk_100M_0_synth_1" FlowId="Vivado_Synthesis" FromStepId="vivado" ToStepId="vivado"/>
	<Run Id="system_dlmb_v10_1_synth_1" LaunchDir="E:/project/golden/example6/project_1.runs/system_dlmb_v10_1_synth_1" FlowId="Vivado_Synthesis" FromStepId="vivado" ToStepId="vivado"/>
	<Run Id="system_ilmb_bram_if_cntlr_1_synth_1" LaunchDir="E:/project/golden/example6/project_1.runs/system_ilmb_bram_if_cntlr_1_synth_1" FlowId="Vivado_Synthesis" FromStepId="vivado" ToStepId="vivado"/>
	<Run Id="system_ilmb_v10_1_synth_1" LaunchDir="E:/project/golden/example6/project_1.runs/system_ilmb_v10_1_synth_1" FlowId="Vivado_Synthesis" FromStepId="vivado" ToStepId="vivado" IsOrderedIPRun="true">
		<Parent Id="system_dlmb_v10_1_synth_1"/>
	</Run>
	<Run Id="system_microblaze_0_1_synth_1" LaunchDir="E:/project/golden/example6/project_1.runs/system_microblaze_0_1_synth_1" FlowId="Vivado_Synthesis" FromStepId="vivado" ToStepId="vivado"/>
	<Run Id="system_dlmb_bram_if_cntlr_1_synth_1" LaunchDir="E:/project/golden/example6/project_1.runs/system_dlmb_bram_if_cntlr_1_synth_1" FlowId="Vivado_Synthesis" FromStepId="vivado" ToStepId="vivado"/>
	<Run Id="system_axi_intc_0_0_synth_1" LaunchDir="E:/project/golden/example6/project_1.runs/system_axi_intc_0_0_synth_1" FlowId="Vivado_Synthesis" FromStepId="vivado" ToStepId="vivado"/>
	<Run Id="system_axi_hwicap_0_0_synth_1" LaunchDir="E:/project/golden/example6/project_1.runs/system_axi_hwicap_0_0_synth_1" FlowId="Vivado_Synthesis" FromStepId="vivado" ToStepId="vivado"/>
	<Run Id="system_axi_gpio_0_0_synth_1" LaunchDir="E:/project/golden/example6/project_1.runs/system_axi_gpio_0_0_synth_1" FlowId="Vivado_Synthesis" FromStepId="vivado" ToStepId="vivado"/>
	<Run Id="system_axi_gpio_1_0_synth_1" LaunchDir="E:/project/golden/example6/project_1.runs/system_axi_gpio_1_0_synth_1" FlowId="Vivado_Synthesis" FromStepId="vivado" ToStepId="vivado" IsOrderedIPRun="true">
		<Parent Id="system_axi_gpio_0_0_synth_1"/>
	</Run>
	<Run Id="system_axi_gpio_0_1_synth_1" LaunchDir="E:/project/golden/example6/project_1.runs/system_axi_gpio_0_1_synth_1" FlowId="Vivado_Synthesis" FromStepId="vivado" ToStepId="vivado"/>
	<Run Id="system_axi_timer_0_0_synth_1" LaunchDir="E:/project/golden/example6/project_1.runs/system_axi_timer_0_0_synth_1" FlowId="Vivado_Synthesis" FromStepId="vivado" ToStepId="vivado"/>
	<Run Id="system_clk_wiz_0_0_synth_1" LaunchDir="E:/project/golden/example6/project_1.runs/system_clk_wiz_0_0_synth_1" FlowId="Vivado_Synthesis" FromStepId="vivado" ToStepId="vivado"/>
	<Run Id="system_xbar_0_synth_1" LaunchDir="E:/project/golden/example6/project_1.runs/system_xbar_0_synth_1" FlowId="Vivado_Synthesis" FromStepId="vivado" ToStepId="vivado"/>
	<Run Id="synth_1" LaunchDir="E:/project/golden/example6/project_1.runs/synth_1" FlowId="Vivado_Synthesis" FromStepId="vivado" ToStepId="vivado">
		<Parent Id="system_axi_uartlite_0_0_synth_1"/>
		<Parent Id="system_lmb_bram_1_synth_1"/>
		<Parent Id="system_mdm_1_1_synth_1"/>
		<Parent Id="system_rst_Clk_100M_0_synth_1"/>
		<Parent Id="system_dlmb_v10_1_synth_1"/>
		<Parent Id="system_ilmb_bram_if_cntlr_1_synth_1"/>
		<Parent Id="system_ilmb_v10_1_synth_1"/>
		<Parent Id="system_microblaze_0_1_synth_1"/>
		<Parent Id="system_dlmb_bram_if_cntlr_1_synth_1"/>
		<Parent Id="system_axi_intc_0_0_synth_1"/>
		<Parent Id="system_axi_hwicap_0_0_synth_1"/>
		<Parent Id="system_axi_gpio_0_0_synth_1"/>
		<Parent Id="system_axi_gpio_1_0_synth_1"/>
		<Parent Id="system_axi_gpio_0_1_synth_1"/>
		<Parent Id="system_axi_timer_0_0_synth_1"/>
		<Parent Id="system_clk_wiz_0_0_synth_1"/>
		<Parent Id="system_xbar_0_synth_1"/>
	</Run>
	<Run Id="impl_1" LaunchDir="E:/project/golden/example6/project_1.runs/impl_1" FlowId="Vivado_Implementation" FromStepId="init_design" ToStepId="write_bitstream">
		<Parent Id="synth_1"/>
		<Parent Id="system_axi_uartlite_0_0_synth_1"/>
		<Parent Id="system_lmb_bram_1_synth_1"/>
		<Parent Id="system_mdm_1_1_synth_1"/>
		<Parent Id="system_rst_Clk_100M_0_synth_1"/>
		<Parent Id="system_dlmb_v10_1_synth_1"/>
		<Parent Id="system_ilmb_bram_if_cntlr_1_synth_1"/>
		<Parent Id="system_ilmb_v10_1_synth_1"/>
		<Parent Id="system_microblaze_0_1_synth_1"/>
		<Parent Id="system_dlmb_bram_if_cntlr_1_synth_1"/>
		<Parent Id="system_axi_intc_0_0_synth_1"/>
		<Parent Id="system_axi_hwicap_0_0_synth_1"/>
		<Parent Id="system_axi_gpio_0_0_synth_1"/>
		<Parent Id="system_axi_gpio_1_0_synth_1"/>
		<Parent Id="system_axi_gpio_0_1_synth_1"/>
		<Parent Id="system_axi_timer_0_0_synth_1"/>
		<Parent Id="system_clk_wiz_0_0_synth_1"/>
		<Parent Id="system_xbar_0_synth_1"/>
	</Run>
	<Parameters>
		<Parameter Name="runs.monitorLSFJobs" Val="true" Type="bool"/>
		<Parameter Name="runs.enableClusterConf" Val="true" Type="bool"/>
		<Parameter Name="general.shortenLongPath" Val="true" Type="bool"/>
	</Parameters>
	<ProductInfo Name="vivado"/>
</Runs>

