NumberHits:1
Timestamp: Thu Sep 19 13:38:13 UTC 2024
