<?xml version="1.0" encoding="UTF-8"?>
<section name="Workbench">
	<item key="sdx.custom.platform.repository.locations" value="E:\project\golden\example6\vitis_ide_v2\7VX690T_PLATFORM\export\7VX690T_PLATFORM;E:\project\golden\example7\vitis_ide_v2\7VX690T_PLATFORM\export\7VX690T_PLATFORM"/>
</section>
