-------------------------------------
| Tool Version : Vivado v.2024.1
| Date         : Thu Sep 12 09:17:03 2024
| Host         : MININT-7LTFL4B
| Design       : design_1
| Device       : xc7k325t-ffv900-2--
-------------------------------------

For more information on clockInfo.txt clock routing debug file see https://support.xilinx.com/s/article/000035660?language=en_US

