<?xml version="1.0" encoding="UTF-8"?>
<section name="Workbench">
	<item key="scw_hwspec" value="C:\Users\openfpga\Desktop\project\golden\example9_2\vitis_ide_v3"/>
	<item key="fpga_elf_mem_selection" value="C:\Users\openfpga\Desktop\project\golden\example9_2\vitis_ide_v3\spi_flash_rw_v1\Debug"/>
	<item key="soc_flash_files_selection" value="C:\Users\openfpga\Desktop\project\golden\example9_2\vitis_ide_v3\spi_flash_rw_v1\_ide\bitstream"/>
</section>
