<?xml version="1.0" encoding="UTF-8"?>
<!-- Product Version: Vivado v2024.1 (64-bit)                                     -->
<!--                                                                              -->
<!-- Copyright 1986-2022 Xilinx, Inc. All Rights Reserved.                        -->
<!-- Copyright 2022-2024 Advanced Micro Devices, Inc. All Rights Reserved.        -->

<hwsession version="1" minor="2">
  <device name="xc7vx690t_0" gui_info="dashboard1=hw_ila_1[xc7vx690t_0/hw_ila_1/Capture Setup=ILA_CAPTURE_1;xc7vx690t_0/hw_ila_1/Waveform=ILA_WAVE_1;xc7vx690t_0/hw_ila_1/Trigger Setup=ILA_TRIGGER_1;xc7vx690t_0/hw_ila_1/Status=ILA_STATUS_1;xc7vx690t_0/hw_ila_1/Settings=ILA_SETTINGS_1;],dashboard2=hw_ila_2[xc7vx690t_0/hw_ila_2/Status=ILA_STATUS_1;xc7vx690t_0/hw_ila_2/Trigger Setup=ILA_TRIGGER_1;xc7vx690t_0/hw_ila_2/Settings=ILA_SETTINGS_1;xc7vx690t_0/hw_ila_2/Capture Setup=ILA_CAPTURE_1;xc7vx690t_0/hw_ila_2/Waveform=ILA_WAVE_1;]"/>
  <ObjectList object_type="hw_cfgmem" gui_info="">
    <Object name="" gui_info="">
      <Properties Property="PROGRAM.ADDRESS_RANGE" value="entire_device"/>
      <Properties Property="PROGRAM.BLANK_CHECK" value="0"/>
      <Properties Property="PROGRAM.BPI_RS_PINS" value="none"/>
      <Properties Property="PROGRAM.CFG_PROGRAM" value="0"/>
      <Properties Property="PROGRAM.CHECKSUM" value="0"/>
      <Properties Property="PROGRAM.ERASE" value="1"/>
      <Properties Property="PROGRAM.FILES" value="E:/project/Binary/example6_2/mcs/generate.mcs"/>
      <Properties Property="PROGRAM.PRM_FILE" value=""/>
      <Properties Property="PROGRAM.UNUSED_PIN_TERMINATION" value="pull-none"/>
      <Properties Property="PROGRAM.VERIFY" value="0"/>
    </Object>
  </ObjectList>
  <ObjectList object_type="hw_device" gui_info="">
    <Object name="xc7vx690t_0" gui_info="">
      <Properties Property="FULL_PROBES.FILE" value="$_project_name_.runs/impl_1/top.ltx"/>
      <Properties Property="PROBES.FILE" value="$_project_name_.runs/impl_1/top.ltx"/>
      <Properties Property="PROGRAM.HW_BITSTREAM" value="D:/Xilinx/Vivado/2024.1/data/xicom/cfgmem/bitfile/bpi_xc7vx690t_pullnone.bit"/>
      <Properties Property="PROGRAM.HW_CFGMEM_PART" value="s29gl01gs-bpi-x16"/>
      <Properties Property="SLR.COUNT" value="1"/>
    </Object>
  </ObjectList>
  <ObjectList object_type="hw_ila" gui_info="">
    <Object name="icape2_ctrl_inst/ila_icape" gui_info="">
      <Properties Property="CONTROL.TRIGGER_CONDITION" value="AND"/>
      <Properties Property="CORE_REFRESH_RATE_MS" value="500"/>
    </Object>
    <Object name="ila_key" gui_info="">
      <Properties Property="CONTROL.TRIGGER_CONDITION" value="AND"/>
      <Properties Property="CORE_REFRESH_RATE_MS" value="500"/>
    </Object>
  </ObjectList>
  <ObjectList object_type="hw_probe" gui_info="">
    <Object name="key_IBUF[0:0]" gui_info=""/>
    <Object name="key_cap" gui_info="Trigger Setup=0"/>
  </ObjectList>
  <probeset name="hw project" active="false">
    <probe type="ila" busType="net" source="netlist" spec="ILA_V2_RT">
      <probeOptions Id="DebugProbeParams">
        <Option Id="CAPTURE_COMPARE_VALUE" value="eq32&apos;hXXXX_XXXX"/>
        <Option Id="COMPARE_VALUE.0" value="eq32&apos;hXXXX_XXXX"/>
        <Option Id="DISPLAY_AS_ENUM" value="1"/>
        <Option Id="DISPLAY_HINT" value=""/>
        <Option Id="DISPLAY_RADIX" value="HEX"/>
        <Option Id="DISPLAY_VISIBILITY" value=""/>
        <Option Id="HW_ILA" value="hw_ila_1"/>
        <Option Id="LINK_TO_WAVEFORM" value="1"/>
        <Option Id="MAP" value="probe2[31:0]"/>
        <Option Id="NAME.CUSTOM" value=""/>
        <Option Id="NAME.SELECT" value="Long"/>
        <Option Id="SOURCE" value="netlist"/>
        <Option Id="TRIGGER_COMPARE_VALUE" value="eq32&apos;hXXXX_XXXX"/>
        <Option Id="WAVEFORM_STYLE" value="Digital"/>
      </probeOptions>
      <nets>
        <net name="icape2_ctrl_inst/ICAPE2_DATA_I[31]"/>
        <net name="icape2_ctrl_inst/ICAPE2_DATA_I[30]"/>
        <net name="icape2_ctrl_inst/ICAPE2_DATA_I[29]"/>
        <net name="icape2_ctrl_inst/ICAPE2_DATA_I[28]"/>
        <net name="icape2_ctrl_inst/ICAPE2_DATA_I[27]"/>
        <net name="icape2_ctrl_inst/ICAPE2_DATA_I[26]"/>
        <net name="icape2_ctrl_inst/ICAPE2_DATA_I[25]"/>
        <net name="icape2_ctrl_inst/ICAPE2_DATA_I[24]"/>
        <net name="icape2_ctrl_inst/ICAPE2_DATA_I[23]"/>
        <net name="icape2_ctrl_inst/ICAPE2_DATA_I[22]"/>
        <net name="icape2_ctrl_inst/ICAPE2_DATA_I[21]"/>
        <net name="icape2_ctrl_inst/ICAPE2_DATA_I[20]"/>
        <net name="icape2_ctrl_inst/ICAPE2_DATA_I[19]"/>
        <net name="icape2_ctrl_inst/ICAPE2_DATA_I[18]"/>
        <net name="icape2_ctrl_inst/ICAPE2_DATA_I[17]"/>
        <net name="icape2_ctrl_inst/ICAPE2_DATA_I[16]"/>
        <net name="icape2_ctrl_inst/ICAPE2_DATA_I[15]"/>
        <net name="icape2_ctrl_inst/ICAPE2_DATA_I[14]"/>
        <net name="icape2_ctrl_inst/ICAPE2_DATA_I[13]"/>
        <net name="icape2_ctrl_inst/ICAPE2_DATA_I[12]"/>
        <net name="icape2_ctrl_inst/ICAPE2_DATA_I[11]"/>
        <net name="icape2_ctrl_inst/ICAPE2_DATA_I[10]"/>
        <net name="icape2_ctrl_inst/ICAPE2_DATA_I[9]"/>
        <net name="icape2_ctrl_inst/ICAPE2_DATA_I[8]"/>
        <net name="icape2_ctrl_inst/ICAPE2_DATA_I[7]"/>
        <net name="icape2_ctrl_inst/ICAPE2_DATA_I[6]"/>
        <net name="icape2_ctrl_inst/ICAPE2_DATA_I[5]"/>
        <net name="icape2_ctrl_inst/ICAPE2_DATA_I[4]"/>
        <net name="icape2_ctrl_inst/ICAPE2_DATA_I[3]"/>
        <net name="icape2_ctrl_inst/ICAPE2_DATA_I[2]"/>
        <net name="icape2_ctrl_inst/ICAPE2_DATA_I[1]"/>
        <net name="icape2_ctrl_inst/ICAPE2_DATA_I[0]"/>
      </nets>
    </probe>
    <probe type="ila" busType="net" source="netlist" spec="ILA_V2_RT">
      <probeOptions Id="DebugProbeParams">
        <Option Id="CAPTURE_COMPARE_VALUE" value="eq32&apos;hXXXX_XXXX"/>
        <Option Id="COMPARE_VALUE.0" value="eq32&apos;hXXXX_XXXX"/>
        <Option Id="DISPLAY_AS_ENUM" value="1"/>
        <Option Id="DISPLAY_HINT" value=""/>
        <Option Id="DISPLAY_RADIX" value="HEX"/>
        <Option Id="DISPLAY_VISIBILITY" value=""/>
        <Option Id="HW_ILA" value="hw_ila_1"/>
        <Option Id="LINK_TO_WAVEFORM" value="1"/>
        <Option Id="MAP" value="probe1[31:0]"/>
        <Option Id="NAME.CUSTOM" value=""/>
        <Option Id="NAME.SELECT" value="Long"/>
        <Option Id="SOURCE" value="netlist"/>
        <Option Id="TRIGGER_COMPARE_VALUE" value="eq32&apos;hXXXX_XXXX"/>
        <Option Id="WAVEFORM_STYLE" value="Digital"/>
      </probeOptions>
      <nets>
        <net name="icape2_ctrl_inst/ICAPE2_DATA_O[31]"/>
        <net name="icape2_ctrl_inst/ICAPE2_DATA_O[30]"/>
        <net name="icape2_ctrl_inst/ICAPE2_DATA_O[29]"/>
        <net name="icape2_ctrl_inst/ICAPE2_DATA_O[28]"/>
        <net name="icape2_ctrl_inst/ICAPE2_DATA_O[27]"/>
        <net name="icape2_ctrl_inst/ICAPE2_DATA_O[26]"/>
        <net name="icape2_ctrl_inst/ICAPE2_DATA_O[25]"/>
        <net name="icape2_ctrl_inst/ICAPE2_DATA_O[24]"/>
        <net name="icape2_ctrl_inst/ICAPE2_DATA_O[23]"/>
        <net name="icape2_ctrl_inst/ICAPE2_DATA_O[22]"/>
        <net name="icape2_ctrl_inst/ICAPE2_DATA_O[21]"/>
        <net name="icape2_ctrl_inst/ICAPE2_DATA_O[20]"/>
        <net name="icape2_ctrl_inst/ICAPE2_DATA_O[19]"/>
        <net name="icape2_ctrl_inst/ICAPE2_DATA_O[18]"/>
        <net name="icape2_ctrl_inst/ICAPE2_DATA_O[17]"/>
        <net name="icape2_ctrl_inst/ICAPE2_DATA_O[16]"/>
        <net name="icape2_ctrl_inst/ICAPE2_DATA_O[15]"/>
        <net name="icape2_ctrl_inst/ICAPE2_DATA_O[14]"/>
        <net name="icape2_ctrl_inst/ICAPE2_DATA_O[13]"/>
        <net name="icape2_ctrl_inst/ICAPE2_DATA_O[12]"/>
        <net name="icape2_ctrl_inst/ICAPE2_DATA_O[11]"/>
        <net name="icape2_ctrl_inst/ICAPE2_DATA_O[10]"/>
        <net name="icape2_ctrl_inst/ICAPE2_DATA_O[9]"/>
        <net name="icape2_ctrl_inst/ICAPE2_DATA_O[8]"/>
        <net name="icape2_ctrl_inst/ICAPE2_DATA_O[7]"/>
        <net name="icape2_ctrl_inst/ICAPE2_DATA_O[6]"/>
        <net name="icape2_ctrl_inst/ICAPE2_DATA_O[5]"/>
        <net name="icape2_ctrl_inst/ICAPE2_DATA_O[4]"/>
        <net name="icape2_ctrl_inst/ICAPE2_DATA_O[3]"/>
        <net name="icape2_ctrl_inst/ICAPE2_DATA_O[2]"/>
        <net name="icape2_ctrl_inst/ICAPE2_DATA_O[1]"/>
        <net name="icape2_ctrl_inst/ICAPE2_DATA_O[0]"/>
      </nets>
    </probe>
    <probe type="ila" busType="net" source="netlist" spec="ILA_V2_RT">
      <probeOptions Id="DebugProbeParams">
        <Option Id="CAPTURE_COMPARE_VALUE" value="eq16&apos;hXXXX"/>
        <Option Id="COMPARE_VALUE.0" value="eq16&apos;hXXXX"/>
        <Option Id="DISPLAY_AS_ENUM" value="1"/>
        <Option Id="DISPLAY_HINT" value=""/>
        <Option Id="DISPLAY_RADIX" value="HEX"/>
        <Option Id="DISPLAY_VISIBILITY" value=""/>
        <Option Id="HW_ILA" value="hw_ila_1"/>
        <Option Id="LINK_TO_WAVEFORM" value="1"/>
        <Option Id="MAP" value="probe0[15:0]"/>
        <Option Id="NAME.CUSTOM" value=""/>
        <Option Id="NAME.SELECT" value="Long"/>
        <Option Id="SOURCE" value="netlist"/>
        <Option Id="TRIGGER_COMPARE_VALUE" value="eq16&apos;hXXXX"/>
        <Option Id="WAVEFORM_STYLE" value="Digital"/>
      </probeOptions>
      <nets>
        <net name="icape2_ctrl_inst/state[15]"/>
        <net name="icape2_ctrl_inst/state[14]"/>
        <net name="icape2_ctrl_inst/state[13]"/>
        <net name="icape2_ctrl_inst/state[12]"/>
        <net name="icape2_ctrl_inst/state[11]"/>
        <net name="icape2_ctrl_inst/state[10]"/>
        <net name="icape2_ctrl_inst/state[9]"/>
        <net name="icape2_ctrl_inst/state[8]"/>
        <net name="icape2_ctrl_inst/state[7]"/>
        <net name="icape2_ctrl_inst/state[6]"/>
        <net name="icape2_ctrl_inst/state[5]"/>
        <net name="icape2_ctrl_inst/state[4]"/>
        <net name="icape2_ctrl_inst/state[3]"/>
        <net name="icape2_ctrl_inst/state[2]"/>
        <net name="icape2_ctrl_inst/state[1]"/>
        <net name="icape2_ctrl_inst/state[0]"/>
      </nets>
    </probe>
    <probe type="ila" busType="net" source="netlist" spec="ILA_V2_RT">
      <probeOptions Id="DebugProbeParams">
        <Option Id="CAPTURE_COMPARE_VALUE" value="eq1&apos;bX"/>
        <Option Id="COMPARE_VALUE.0" value="eq1&apos;bX"/>
        <Option Id="DISPLAY_AS_ENUM" value="1"/>
        <Option Id="DISPLAY_HINT" value=""/>
        <Option Id="DISPLAY_RADIX" value="HEX"/>
        <Option Id="DISPLAY_VISIBILITY" value=""/>
        <Option Id="HW_ILA" value="hw_ila_2"/>
        <Option Id="LINK_TO_WAVEFORM" value="1"/>
        <Option Id="MAP" value="probe0[0]"/>
        <Option Id="NAME.CUSTOM" value=""/>
        <Option Id="NAME.SELECT" value="Long"/>
        <Option Id="SOURCE" value="netlist"/>
        <Option Id="TRIGGER_COMPARE_VALUE" value="eq1&apos;bX"/>
        <Option Id="WAVEFORM_STYLE" value="Digital"/>
      </probeOptions>
      <nets>
        <net name="key_IBUF[0]"/>
      </nets>
    </probe>
    <probe type="ila" busType="net" source="netlist" spec="ILA_V2_RT">
      <probeOptions Id="DebugProbeParams">
        <Option Id="CAPTURE_COMPARE_VALUE" value="eq1&apos;bX"/>
        <Option Id="COMPARE_VALUE.0" value="eq1&apos;b1"/>
        <Option Id="DISPLAY_AS_ENUM" value="1"/>
        <Option Id="DISPLAY_HINT" value=""/>
        <Option Id="DISPLAY_RADIX" value="HEX"/>
        <Option Id="DISPLAY_VISIBILITY" value=""/>
        <Option Id="HW_ILA" value="hw_ila_2"/>
        <Option Id="LINK_TO_WAVEFORM" value="1"/>
        <Option Id="MAP" value="probe1[0]"/>
        <Option Id="NAME.CUSTOM" value=""/>
        <Option Id="NAME.SELECT" value="Long"/>
        <Option Id="SOURCE" value="netlist"/>
        <Option Id="TRIGGER_COMPARE_VALUE" value="eq1&apos;b1"/>
        <Option Id="WAVEFORM_STYLE" value="Digital"/>
      </probeOptions>
      <nets>
        <net name="key_cap"/>
      </nets>
    </probe>
  </probeset>
</hwsession>
