NumberHits:1
Timestamp: Thu Sep 19 13:38:12 UTC 2024
