<?xml version="1.0" encoding="UTF-8"?>
<section name="Workbench">
	<item key="sdx.custom.platform.repository.locations" value="C:\Users\openfpga\Desktop\project\golden\example3\vitis_ide\k7_platform\export\k7_platform"/>
	<item key="sdx.custom.platform.repository.last.directory.dialog.location" value="C:\Users\openfpga\Desktop\project\golden\example3\vitis_ide\k7_platform\export\k7_platform"/>
</section>
