NumberHits:1
Timestamp: Sat Oct 05 09:03:40 UTC 2024
