NumberHits:12
Timestamp: Sat Oct 05 14:40:44 UTC 2024
