NumberHits:2
Timestamp: Thu Sep 19 13:38:11 UTC 2024
