<?xml version="1.0" encoding="UTF-8"?>
<GenRun Id="system_mdm_1_1_synth_1" LaunchPart="xc7vx690tffg1927-2" LaunchTime="1726794422">
  <File Type="PA-TCL" Name="system_mdm_1_1.tcl"/>
  <File Type="RDS-PROPCONSTRS" Name="system_mdm_1_1_drc_synth.rpt"/>
  <File Type="REPORTS-TCL" Name="system_mdm_1_1_reports.tcl"/>
  <File Type="RDS-RDS" Name="system_mdm_1_1.vds"/>
  <File Type="RDS-UTIL" Name="system_mdm_1_1_utilization_synth.rpt"/>
  <File Type="RDS-UTIL-PB" Name="system_mdm_1_1_utilization_synth.pb"/>
  <File Type="RDS-DCP" Name="system_mdm_1_1.dcp"/>
  <File Type="VDS-TIMINGSUMMARY" Name="system_mdm_1_1_timing_summary_synth.rpt"/>
  <File Type="VDS-TIMING-PB" Name="system_mdm_1_1_timing_summary_synth.pb"/>
  <FileSet Name="sources" Type="BlockSrcs" RelSrcDir="$PSRCDIR/system_mdm_1_1" RelGenDir="$PGENDIR/system_mdm_1_1">
    <File Path="$PSRCDIR/sources_1/bd/system/ip/system_mdm_1_1/system_mdm_1_1.xci">
      <FileInfo>
        <Attr Name="Library" Val="xil_defaultlib"/>
        <Attr Name="UsedIn" Val="synthesis"/>
        <Attr Name="UsedIn" Val="implementation"/>
        <Attr Name="UsedIn" Val="simulation"/>
      </FileInfo>
    </File>
    <Config>
      <Option Name="TopModule" Val="system_mdm_1_1"/>
      <Option Name="UseBlackboxStub" Val="1"/>
    </Config>
  </FileSet>
  <FileSet Name="constrs_in" Type="BlockSrcs" RelSrcDir="$PSRCDIR/system_mdm_1_1" RelGenDir="$PGENDIR/system_mdm_1_1">
    <File Path="$PSRCDIR/sources_1/bd/system/ip/system_mdm_1_1/system_mdm_1_1.xci">
      <FileInfo>
        <Attr Name="Library" Val="xil_defaultlib"/>
        <Attr Name="UsedIn" Val="synthesis"/>
        <Attr Name="UsedIn" Val="implementation"/>
        <Attr Name="UsedIn" Val="simulation"/>
      </FileInfo>
    </File>
    <Config>
      <Option Name="TopModule" Val="system_mdm_1_1"/>
      <Option Name="UseBlackboxStub" Val="1"/>
    </Config>
  </FileSet>
  <FileSet Name="utils" Type="Utils" RelSrcDir="$PSRCDIR/utils_1" RelGenDir="$PGENDIR/utils_1">
    <Filter Type="Utils"/>
    <File Path="$PSRCDIR/utils_1/imports/synth_1/top.dcp">
      <FileInfo>
        <Attr Name="UsedIn" Val="synthesis"/>
        <Attr Name="UsedIn" Val="implementation"/>
        <Attr Name="UsedInSteps" Val="synth_1"/>
        <Attr Name="AutoDcp" Val="1"/>
      </FileInfo>
    </File>
    <Config>
      <Option Name="TopAutoSet" Val="TRUE"/>
    </Config>
  </FileSet>
  <Strategy Version="1" Minor="2">
    <StratHandle Name="Vivado Synthesis Defaults" Flow="Vivado Synthesis 2024">
      <Desc>Vivado Synthesis Defaults</Desc>
    </StratHandle>
    <Step Id="synth_design"/>
  </Strategy>
</GenRun>
