<?xml version="1.0" encoding="UTF-8"?>
<section name="Workbench">
	<item key="scw_hwspec" value="C:\Users\openfpga\Desktop\project\golden\example4_6\vitis_ide_v1"/>
	<item key="fpga_elf_mem_selection" value="C:\Users\openfpga\Desktop\project\golden\example4_6\vitis_ide_v1\golden_iprog\Debug"/>
</section>
