NumberHits:17
Timestamp: Sun Oct 06 06:56:55 UTC 2024
