<?xml version="1.0" encoding="UTF-8"?>
<section name="Workbench">
	<item key="sdx.custom.platform.repository.locations" value="C:\Users\openfpga\Desktop\project\golden\example9_2\vitis_ide_v2\7k325t_platform\export\7k325t_platform"/>
	<item key="sdx.custom.platform.repository.last.directory.dialog.location" value="C:\Users\openfpga\Desktop\project\golden\example9_2\vitis_ide_v2\7k325t_platform\export\7k325t_platform"/>
</section>
