NumberHits:12
Timestamp: Sat Oct 05 14:45:20 UTC 2024
