NumberHits:1
Timestamp: Sat Oct 05 14:40:41 UTC 2024
