NumberHits:2
Timestamp: Sun Oct 06 06:56:57 UTC 2024
