NumberHits:5
Timestamp: Sat Sep 14 04:29:55 UTC 2024
