<?xml version="1.0" encoding="UTF-8"?>
<section name="Workbench">
	<item key="sdx.custom.platform.repository.locations" value="C:\Users\openfpga\Desktop\project\golden\example9_4\vitis_ide_v5\7k325t_platform\export\7k325t_platform"/>
</section>
