<?xml version="1.0" encoding="UTF-8"?>
<GenRun Id="icape2_ctrl_0_synth_1" LaunchPart="xc7k325tffv900-2" LaunchTime="1726464368">
  <File Type="PA-TCL" Name="icape2_ctrl_0.tcl"/>
  <File Type="RDS-PROPCONSTRS" Name="icape2_ctrl_0_drc_synth.rpt"/>
  <File Type="REPORTS-TCL" Name="icape2_ctrl_0_reports.tcl"/>
  <File Type="RDS-RDS" Name="icape2_ctrl_0.vds"/>
  <File Type="RDS-UTIL" Name="icape2_ctrl_0_utilization_synth.rpt"/>
  <File Type="RDS-UTIL-PB" Name="icape2_ctrl_0_utilization_synth.pb"/>
  <File Type="RDS-DCP" Name="icape2_ctrl_0.dcp"/>
  <File Type="VDS-TIMINGSUMMARY" Name="icape2_ctrl_0_timing_summary_synth.rpt"/>
  <File Type="VDS-TIMING-PB" Name="icape2_ctrl_0_timing_summary_synth.pb"/>
  <FileSet Name="sources" Type="BlockSrcs" RelSrcDir="$PSRCDIR/icape2_ctrl_0" RelGenDir="$PGENDIR/icape2_ctrl_0">
    <File Path="$PSRCDIR/sources_1/ip/icape2_ctrl_0/icape2_ctrl_0.xci">
      <FileInfo>
        <Attr Name="UsedIn" Val="synthesis"/>
        <Attr Name="UsedIn" Val="implementation"/>
        <Attr Name="UsedIn" Val="simulation"/>
      </FileInfo>
    </File>
    <Config>
      <Option Name="TopModule" Val="icape2_ctrl_0"/>
      <Option Name="UseBlackboxStub" Val="1"/>
    </Config>
  </FileSet>
  <FileSet Name="constrs_in" Type="BlockSrcs" RelSrcDir="$PSRCDIR/icape2_ctrl_0" RelGenDir="$PGENDIR/icape2_ctrl_0">
    <File Path="$PSRCDIR/sources_1/ip/icape2_ctrl_0/icape2_ctrl_0.xci">
      <FileInfo>
        <Attr Name="UsedIn" Val="synthesis"/>
        <Attr Name="UsedIn" Val="implementation"/>
        <Attr Name="UsedIn" Val="simulation"/>
      </FileInfo>
    </File>
    <Config>
      <Option Name="TopModule" Val="icape2_ctrl_0"/>
      <Option Name="UseBlackboxStub" Val="1"/>
    </Config>
  </FileSet>
  <FileSet Name="utils" Type="Utils" RelSrcDir="$PSRCDIR/utils_1" RelGenDir="$PGENDIR/utils_1">
    <Filter Type="Utils"/>
    <File Path="$PSRCDIR/utils_1/imports/synth_1/top.dcp">
      <FileInfo>
        <Attr Name="UsedIn" Val="synthesis"/>
        <Attr Name="UsedIn" Val="implementation"/>
        <Attr Name="UsedInSteps" Val="synth_1"/>
        <Attr Name="AutoDcp" Val="1"/>
      </FileInfo>
    </File>
    <Config>
      <Option Name="TopAutoSet" Val="TRUE"/>
    </Config>
  </FileSet>
  <Strategy Version="1" Minor="2">
    <StratHandle Name="Vivado Synthesis Defaults" Flow="Vivado Synthesis 2024">
      <Desc>Vivado Synthesis Defaults</Desc>
    </StratHandle>
    <Step Id="synth_design"/>
  </Strategy>
</GenRun>
