NumberHits:1
Timestamp: Sun Oct 06 03:34:17 UTC 2024
