+====================+===================+===================================+
| Launch Setup Clock | Launch Hold Clock | Pin                               |
+====================+===================+===================================+
| sys_clk_p          | sys_clk_p         | icape2_top/inst/ICAPE2_inst/RDWRB |
+--------------------+-------------------+-----------------------------------+
