NumberHits:1
Timestamp: Fri Sep 20 01:09:45 UTC 2024
